<html>
<body>
<pre>
<h1>µVision Build Log</h1>
<h2>Tool Versions:</h2>
IDE-Version: µVision V5.25.2.0
Copyright (C) 2018 ARM Ltd and ARM Germany GmbH. All rights reserved.
License Information: Marcelo Holgado, HJCELO, LIC=----
 
Tool Versions:
Toolchain:       MDK-Lite  Version: 5.25.2.0
Toolchain Path:  C:\Keil_v5\ARM\ARMCC\Bin
C Compiler:      Armcc.exe V5.06 update 6 (build 750)
Assembler:       Armasm.exe V5.06 update 6 (build 750)
Linker/Locator:  ArmLink.exe V5.06 update 6 (build 750)
Library Manager: ArmAr.exe V5.06 update 6 (build 750)
Hex Converter:   FromElf.exe V5.06 update 6 (build 750)
CPU DLL:         SARMCM3.DLL V5.25.2.0
Dialog DLL:      DARMCM1.DLL V1.19.1.0
Target DLL:      STLink\ST-LINKIII-KEIL_SWO.dll V3.0.1.0
Dialog DLL:      TARMCM1.DLL V1.14.0.0
 
<h2>Project:</h2>
C:\Users\marce\Desktop\ControleRobo\MDK-ARM\ControleRobo.uvprojx
Project File Date:  11/23/2018

<h2>Output:</h2>
*** Using Compiler 'V5.06 update 6 (build 750)', folder: 'C:\Keil_v5\ARM\ARMCC\Bin'
Build target 'ControleRobo'
assembling startup_stm32f030x8.s...
compiling stm32f0xx_hal_dma.c...
compiling stm32f0xx_hal_flash.c...
compiling stm32f0xx_hal.c...
compiling stm32f0xx_hal_tim_ex.c...
compiling stm32f0xx_hal_pwr.c...
compiling stm32f0xx_hal_i2c_ex.c...
compiling stm32f0xx_hal_uart_ex.c...
compiling stm32f0xx_hal_i2c.c...
compiling stm32f0xx_hal_tim.c...
compiling stm32f0xx_hal_adc.c...
compiling stm32f0xx_hal_uart.c...
compiling stm32f0xx_hal_flash_ex.c...
compiling stm32f0xx_hal_cortex.c...
compiling stm32f0xx_hal_pwr_ex.c...
compiling stm32f0xx_hal_gpio.c...
compiling stm32f0xx_hal_rcc.c...
compiling stm32f0xx_hal_adc_ex.c...
compiling stm32f0xx_hal_rcc_ex.c...
compiling system_stm32f0xx.c...
compiling stm32f0xx_it.c...
compiling stm32f0xx_hal_msp.c...
compiling main.c...
../Src/main.c(81): warning:  #177-D: variable "estado"  was declared but never referenced
  		int estado;
../Src/main.c(82): warning:  #177-D: variable "X"  was declared but never referenced
  		uint32_t X, Y, c;
../Src/main.c(82): warning:  #177-D: variable "c"  was declared but never referenced
  		uint32_t X, Y, c;
../Src/main.c(106): warning:  #550-D: variable "X"  was set but never used
  		uint32_t X, Y;
../Src/main.c(130): warning:  #177-D: variable "X"  was declared but never referenced
  		uint32_t X, Y;
../Src/main.c(155): warning:  #550-D: variable "X"  was set but never used
  		uint32_t X, Y;
../Src/main.c(179): warning:  #177-D: variable "X"  was declared but never referenced
  		uint32_t X, Y;
../Src/main.c(203): warning:  #177-D: variable "X"  was declared but never referenced
  		uint32_t X, Y;
../Src/main.c(252): warning:  #177-D: variable "estado"  was declared but never referenced
  	int estado;
../Src/main.c(278): warning:  #177-D: variable "botao"  was declared but never referenced
  	int botao = 0,i;
../Src/main.c(278): warning:  #177-D: variable "i"  was declared but never referenced
  	int botao = 0,i;
../Src/main.c(279): warning:  #177-D: variable "buf"  was declared but never referenced
  	char buf = 'E';
../Src/main.c(280): warning:  #177-D: variable "adc_s_config"  was declared but never referenced
  	ADC_ChannelConfTypeDef adc_s_config;;
../Src/main.c: 13 warnings, 0 errors
linking...
Program Size: Code=5448 RO-data=236 RW-data=12 ZI-data=1324  
"ControleRobo\ControleRobo.axf" - 0 Error(s), 13 Warning(s).

<h2>Software Packages used:</h2>

Package Vendor: ARM
                http://www.keil.com/pack/ARM.CMSIS.5.4.0.pack
                ARM.CMSIS.5.4.0
                CMSIS (Cortex Microcontroller Software Interface Standard)
   * Component: CORE Version: 5.1.2

Package Vendor: Keil
                http://www.keil.com/pack/Keil.STM32F0xx_DFP.2.0.0.pack
                Keil.STM32F0xx_DFP.2.0.0
                STMicroelectronics STM32F0 Series Device Support, Drivers and Examples

<h2>Collection of Component include folders:</h2>
  .\RTE\_ControleRobo
  C:\Keil_v5\ARM\PACK\ARM\CMSIS\5.4.0\CMSIS\Core\Include
  C:\Keil_v5\ARM\PACK\Keil\STM32F0xx_DFP\2.0.0\Drivers\CMSIS\Device\ST\STM32F0xx\Include

<h2>Collection of Component Files used:</h2>

   * Component: ARM::CMSIS:CORE:5.1.2
Build Time Elapsed:  00:00:24
</pre>
</body>
</html>
